[nuphoriq.com/catering-websites/index.html]
[nuphoriq.com/catering-websites/t.src]
[backblue.gif]
[fade.gif]
[index.html]
[connect.facebook.net/en_US/fbevents.js]
[nuphoriq.com/wp-content/themes/nu-custom/img/food-pattern-dark.png]
[nuphoriq.com/wp-includes/js/jquery/jquery.minaf6c.js]
[nuphoriq.com/wp-includes/js/jquery/jquery-migrate.mind617.js]
[nuphoriq.com/wp-content/plugins/cleantalk-spam-protect/js/apbct-public-bundle.min1a97.js]
[nuphoriq.com/wp-content/uploads/2019/12/cropped-nu-favicon-32x32.png]
[nuphoriq.com/wp-content/uploads/2019/12/cropped-nu-favicon-192x192.png]
[nuphoriq.com/wp-content/uploads/2019/12/cropped-nu-favicon-180x180.png]
[nuphoriq.com/wp-content/uploads/2020/02/michael-headshot-small.jpg]
[nuphoriq.com/wp-content/uploads/2020/01/best-catering-websites-collage-380x280.jpg]
[nuphoriq.com/wp-content/uploads/2020/01/24-carrots-catering-website.jpg]
[nuphoriq.com/wp-content/uploads/2020/01/a-joy-wallace-website-screenshot.jpg]
[nuphoriq.com/wp-content/uploads/2020/01/above-beyond-website.jpg]
[nuphoriq.com/wp-content/uploads/2020/01/abraham-catering-website.jpg]
[nuphoriq.com/wp-content/uploads/2020/01/acquolina-website.jpg]
[nuphoriq.com/wp-content/uploads/2020/01/bite-catering-website.jpg]
[nuphoriq.com/wp-content/uploads/2020/01/blue-plate-catering-home-page.jpg]
[nuphoriq.com/wp-content/uploads/2020/01/cafe-nataline-catering-website.jpg]
[nuphoriq.com/wp-content/uploads/2020/01/catering-by-michaels-website.jpg]
[nuphoriq.com/wp-content/uploads/2020/01/catering-project-website.jpg]
[nuphoriq.com/wp-content/uploads/2020/01/chapa-catering-website.jpg]
[nuphoriq.com/wp-content/uploads/2020/01/cove-catering-website.jpg]
[nuphoriq.com/wp-content/uploads/2020/01/crave-catering-website.jpg]
[nuphoriq.com/wp-content/uploads/2020/01/creative-edge-parties-website.jpg]
[nuphoriq.com/wp-content/uploads/2020/01/eco-caters-website.jpg]
[nuphoriq.com/wp-content/uploads/2020/01/fluent-n-food-caterer-website.jpg]
[nuphoriq.com/wp-content/uploads/2020/01/fork-spoon-productions-website.jpg]
[nuphoriq.com/wp-content/uploads/2020/01/funkys-catering-events-website.jpg]
[nuphoriq.com/wp-content/uploads/2020/01/global-gourmet-website.jpg]
[nuphoriq.com/wp-content/uploads/2020/01/green-planet-catering-home-page.jpg]
[nuphoriq.com/wp-content/uploads/2020/01/harvest-kitchen-web-design.jpg]
[nuphoriq.com/wp-content/uploads/2020/01/heirloom-la-website.jpg]
[nuphoriq.com/wp-content/uploads/2020/01/houston-catering-concepts-website.jpg]
[nuphoriq.com/wp-content/uploads/2020/01/joels-catering-website.jpg]
[nuphoriq.com/wp-content/uploads/2020/01/little-wolf-catering-website.jpg]
[nuphoriq.com/wp-content/uploads/2020/01/lovely-night-caterign-events-website.jpg]
[nuphoriq.com/wp-content/uploads/2020/01/lre-catering-home-page.jpg]
[nuphoriq.com/wp-content/uploads/2020/01/morins-catering-events-website.jpg]
[nuphoriq.com/wp-content/uploads/2020/01/m-culinary-website.jpg]
[nuphoriq.com/wp-content/uploads/2020/01/pinch-food-design-website.jpg]
[nuphoriq.com/wp-content/uploads/2020/01/proof-pudding-home-page.jpg]
[nuphoriq.com/wp-content/uploads/2020/01/queen-of-hearts-catering-home-page.jpg]
[nuphoriq.com/wp-content/uploads/2020/01/salt-block-hospitality-website.jpg]
[nuphoriq.com/wp-content/uploads/2020/01/taste-of-pace-home-page.jpg]
[nuphoriq.com/wp-content/uploads/2020/01/the-catering-company-website.jpg]
[nuphoriq.com/wp-content/uploads/2020/01/jdk-group-website.jpg]
[nuphoriq.com/wp-content/uploads/2020/01/wild-thyme-company-website.jpg]
[nuphoriq.com/wp-content/uploads/2020/02/chipotle-website-screenshot.jpg]
[nuphoriq.com/wp-content/uploads/2020/02/foxtrot-convenience-store.jpg]
[nuphoriq.com/wp-content/uploads/2020/10/catering-call-to-actions-400x230.png]
[nuphoriq.com/wp-content/uploads/2019/12/nu-user-profile2.png]
[nuphoriq.com/wp-content/uploads/2020/03/above-3-400x230.jpg]
[nuphoriq.com/wp-content/themes/nu-custom/img/papers-graphs.png]
[nuphoriq.com/wp-content/themes/nu-custom/js/jquery.cycle2.minc3da.js]
[nuphoriq.com/wp-content/themes/nu-custom/js/jquery.cycle2.swipe.mine3df.js]
[nuphoriq.com/wp-content/cache/min/1/wp-content/themes/nu-custom/js/magnific0c2c.js]
[nuphoriq.com/wp-content/cache/min/1/wp-content/themes/nu-custom/js/custom0c2c.js]
[nuphoriq.com/wp-includes/js/dist/vendor/regenerator-runtime.min3937.js]
[nuphoriq.com/wp-includes/js/dist/vendor/wp-polyfill.min2c7c.js]
[nuphoriq.com/wp-includes/js/dist/dom-ready.min9aec.js]
[nuphoriq.com/wp-includes/js/dist/hooks.mincbb5.js]
[nuphoriq.com/wp-includes/js/dist/i18n.min771a.js]
[nuphoriq.com/wp-includes/js/dist/a11y.min416f.js]
[nuphoriq.com/wp-content/plugins/gravityforms/js/jquery.json.mind047.js]
[nuphoriq.com/wp-content/plugins/gravityforms/js/gravityforms.mind047.js]
[nuphoriq.com/catering-websites/index.html]
[nuphoriq.com/catering-websites/t.html]
[nuphoriq.com/wp-content/plugins/gravityforms/js/placeholders.jquery.mind047.js]
